
> contas-a-pagar@1.3.5 build
> next build

Ôû▓ Next.js 16.2.1 (Turbopack)
- Environments: .env.local

  Creating an optimized production build ...
  Using external babel configuration from C:\Users\gabri\Desktop\contas-a-apagar\app\babel.config.js
node.exe : ÔÜá It looks like there is a custom Babel configuration that can be removed.
No linha:1 caractere:1
+ & "C:\Program Files\nodejs/node.exe" "C:\Users\gabri\AppData\Roaming\ ...
+ ~~~~~~~~~~~~~~~~~~~~~~~~~~~~~~~~~~~~~~~~~~~~~~~~~~~~~~~~~~~~~~~~~~~~~
    + CategoryInfo          : NotSpecified: (ÔÜá It looks li...can be removed.:String) [], RemoteException
    + FullyQualifiedErrorId : NativeCommandError
 
Turbopack build encountered 1 warnings:
./postcss.config.mjs
Reading source code for parsing failed
An unexpected error happened while trying to read the source code to parse: failed to convert rope into string

Caused by:
- invalid utf-8 sequence of 1 bytes from index 0



> Build error occurred
Error: Turbopack build failed with 2 errors:
./postcss.config.mjs
Reading source code for parsing failed
An unexpected error happened while trying to read the source code to parse: failed to convert rope into string

Caused by:
- invalid utf-8 sequence of 1 bytes from index 0


./src/app/globals.css
Error evaluating Node.js code
Error: Could not parse module '[project]/postcss.config.mjs'

failed to convert rope into string

Caused by:
- invalid utf-8 sequence of 1 bytes from index 0
    [at module evaluation 
(C:\Users\gabri\Desktop\contas-a-apagar\app\.next\build\chunks\[root-of-the-server]__0d-m0h0._.js:22:11)]
    at moduleFactory (turbopack:///[turbopack]/nodejs/runtime/build-base.ts:57:5) 
[C:\Users\gabri\Desktop\contas-a-apagar\app\.next\build\chunks\[turbopack]_runtime.js:840:9]
    at instantiateModule (turbopack:///[turbopack]/nodejs/runtime/build-base.ts:90:10) 
[C:\Users\gabri\Desktop\contas-a-apagar\app\.next\build\chunks\[turbopack]_runtime.js:864:12]
    at getOrInstantiateModuleFromParent (turbopack:///[turbopack]/shared/runtime/runtime-utils.ts:398:18) 
[C:\Users\gabri\Desktop\contas-a-apagar\app\.next\build\chunks\[turbopack]_runtime.js:268:20]
    at module evaluation (turbopack:///[turbopack-node]/transforms/postcss.ts:12:1) 
[C:\Users\gabri\Desktop\contas-a-apagar\app\.next\build\chunks\[root-of-the-server]__0d-m0h0._.js:86:141]
    at moduleFactory (turbopack:///[turbopack]/nodejs/runtime/build-base.ts:57:5) 
[C:\Users\gabri\Desktop\contas-a-apagar\app\.next\build\chunks\[turbopack]_runtime.js:840:9]
    at instantiateModule (turbopack:///[turbopack]/nodejs/runtime/build-base.ts:90:10) 
[C:\Users\gabri\Desktop\contas-a-apagar\app\.next\build\chunks\[turbopack]_runtime.js:864:12]
    at getOrInstantiateModuleFromParent (turbopack:///[turbopack]/shared/runtime/runtime-utils.ts:398:18) 
[C:\Users\gabri\Desktop\contas-a-apagar\app\.next\build\chunks\[turbopack]_runtime.js:268:20]
    [at 
C:\Users\gabri\Desktop\contas-a-apagar\app\.next\build\chunks\[turbopack-node]_transforms_postcss_ts_06e.r3r._.js:9:16]
    [at process.processTicksAndRejections (node:internal/process/task_queues:105:5)]

Import trace:
  Client Component Browser:
    ./src/app/globals.css [Client Component Browser]
    ./src/app/layout.jsx [Server Component]


    at moduleFactory (turbopack:///[turbopack]/nodejs/runtime/build-base.ts:57:5) 
[C:\Users\gabri\Desktop\contas-a-apagar\app\.next\build\chunks\[turbopack]_runtime.js:840:9])
    at instantiateModule (turbopack:///[turbopack]/nodejs/runtime/build-base.ts:90:10) 
[C:\Users\gabri\Desktop\contas-a-apagar\app\.next\build\chunks\[turbopack]_runtime.js:864:12])
    at getOrInstantiateModuleFromParent (turbopack:///[turbopack]/shared/runtime/runtime-utils.ts:398:18) 
[C:\Users\gabri\Desktop\contas-a-apagar\app\.next\build\chunks\[turbopack]_runtime.js:268:20])
    at module evaluation (turbopack:///[turbopack-node]/transforms/postcss.ts:12:1) 
[C:\Users\gabri\Desktop\contas-a-apagar\app\.next\build\chunks\[root-of-the-server]__0d-m0h0._.js:86:141])
    at moduleFactory (turbopack:///[turbopack]/nodejs/runtime/build-base.ts:57:5) 
[C:\Users\gabri\Desktop\contas-a-apagar\app\.next\build\chunks\[turbopack]_runtime.js:840:9])
    at instantiateModule (turbopack:///[turbopack]/nodejs/runtime/build-base.ts:90:10) 
[C:\Users\gabri\Desktop\contas-a-apagar\app\.next\build\chunks\[turbopack]_runtime.js:864:12])
    at getOrInstantiateModuleFromParent (turbopack:///[turbopack]/shared/runtime/runtime-utils.ts:398:18) 
[C:\Users\gabri\Desktop\contas-a-apagar\app\.next\build\chunks\[turbopack]_runtime.js:268:20])
